Legendre p-curvature engine starting.
Phase A: verifying Picard-Fuchs equation on hypergeometric series.
Phase B: recording recursion and checking p=2 toy case.
Phase C: computing p-curvature matrices for p=5,7,11,13,17,19,23.
Phase C: starting p=5.
Phase C: p=5 done; psi_p zero? False; Hasse detected? True.
Phase C: starting p=7.
Phase C: p=7 done; psi_p zero? False; Hasse detected? True.
Phase C: starting p=11.
Phase C: p=11 done; psi_p zero? False; Hasse detected? True.
Phase C: starting p=13.
Phase C: p=13 done; psi_p zero? False; Hasse detected? True.
Phase C: starting p=17.
Phase C: p=17 done; psi_p zero? False; Hasse detected? True.
Phase C: starting p=19.
Phase C: p=19 done; psi_p zero? False; Hasse detected? True.
Phase C: starting p=23.
Phase C: p=23 done; psi_p zero? False; Hasse detected? True.
Phase D: building Sym^2 connection and recording Q230 vacuity check.
Wrote JSON certificate: /Users/lexa/Desktop/lexa/omega/automath-outreach/tools/community-outreach/targets/problemsilike_02/legendre_p_curvature_output.json
Closure-grade verdict: YES (Phases A, B, C, and D completed with expected nonzero p-curvature and Hasse checks.)
